// Jest Snapshot v1, https://goo.gl/fbAQLP

exports[`Genero deve possuir estrutura definida  1`] = `
<genero
  divClasse=""
  divClasses="estado"
  id="13"
  onChange={[Function]}
>
  <combobox
    divClasse=""
    id="13"
    itens={
      Array [
        "Feminino",
        "Masculino",
      ]
    }
    label="Gênero"
    onChange={[Function]}
    valorPadrao="Selecione seu gênero"
  >
    <div
      className=""
    >
      <select
        id="13"
        onChange={[Function]}
      >
        <option
          value=""
        >
          Selecione seu gênero
        </option>
        <option
          key="Feminino"
          value="Feminino"
        >
           
          Feminino
           
        </option>
        <option
          key="Masculino"
          value="Masculino"
        >
           
          Masculino
           
        </option>
      </select>
      <label
        htmlFor="13"
      >
        Gênero
      </label>
    </div>
  </combobox>
</genero>
`;
